Testing API Key...
Key length: 39
Key first 4 chars: AIza
Sending test prompt...
node : FAILURE: API 
Call failed.
At line:1 char:1
+ node 
test-gemini-key.js > 
test-output.txt 2>&1
+ ~~~~~~~~~~~~~~~~~~~
~~~~~~~~~~~~~~~~~~~~~
~~~~~~
    + CategoryInfo   
           : NotSpe  
  cified: (FAILURE   
 : API Call faile    
d.:String) [], R    
emoteException
    + FullyQualified 
   ErrorId : Native  
  CommandError
 
Error message: 
[GoogleGenerativeAI 
Error]: Error 
fetching from https:/
/generativelanguage.g
oogleapis.com/v1beta/
models/gemini-2.5-fla
sh:generateContent: 
[403 Forbidden] Your 
API key was reported 
as leaked. Please 
use another API key.
